Archive member included because of file (symbol)

c:/winavr-20100110/bin/../lib/gcc/avr/4.3.3/avr5\libgcc.a(_mulsi3.o)
                              ./NewNewMc.2/MCAL/TIMER0/TIMER0_prg.o (__mulsi3)
c:/winavr-20100110/bin/../lib/gcc/avr/4.3.3/avr5\libgcc.a(_udivmodhi4.o)
                              ./NewNewMc.1/MCAL/TIMER1/TIMER1_prog.o (__udivmodhi4)
c:/winavr-20100110/bin/../lib/gcc/avr/4.3.3/avr5\libgcc.a(_divmodhi4.o)
                              ./NewNewMc.2/MCAL/TIMER0/TIMER0_prg.o (__divmodhi4)
c:/winavr-20100110/bin/../lib/gcc/avr/4.3.3/avr5\libgcc.a(_udivmodsi4.o)
                              ./NewNewMc.2/MCAL/TIMER0/TIMER0_prg.o (__udivmodsi4)
c:/winavr-20100110/bin/../lib/gcc/avr/4.3.3/avr5\libgcc.a(_divmodsi4.o)
                              ./NewNewMc.2/HAL/LCD/LCD.o (__divmodsi4)
c:/winavr-20100110/bin/../lib/gcc/avr/4.3.3/avr5\libgcc.a(_exit.o)
                              c:/winavr-20100110/bin/../lib/gcc/avr/4.3.3/../../../../avr/lib/avr5/crtm32.o (exit)
c:/winavr-20100110/bin/../lib/gcc/avr/4.3.3/avr5\libgcc.a(_copy_data.o)
                              ./NewNewMc.2/MCAL/TIMER0/TIMER0_prg.o (__do_copy_data)
c:/winavr-20100110/bin/../lib/gcc/avr/4.3.3/avr5\libgcc.a(_clear_bss.o)
                              ./NewNewMc.2/MCAL/TIMER0/TIMER0_prg.o (__do_clear_bss)
c:/winavr-20100110/bin/../lib/gcc/avr/4.3.3/avr5\libgcc.a(_fixunssfsi.o)
                              ./NewNewMc.2/MCAL/TIMER0/TIMER0_prg.o (__fixunssfsi)
c:/winavr-20100110/bin/../lib/gcc/avr/4.3.3/avr5\libgcc.a(_addsub_sf.o)
                              c:/winavr-20100110/bin/../lib/gcc/avr/4.3.3/avr5\libgcc.a(_fixunssfsi.o) (__subsf3)
c:/winavr-20100110/bin/../lib/gcc/avr/4.3.3/avr5\libgcc.a(_mul_sf.o)
                              ./NewNewMc.2/MCAL/TIMER0/TIMER0_prg.o (__mulsf3)
c:/winavr-20100110/bin/../lib/gcc/avr/4.3.3/avr5\libgcc.a(_div_sf.o)
                              ./NewNewMc.2/MCAL/TIMER0/TIMER0_prg.o (__divsf3)
c:/winavr-20100110/bin/../lib/gcc/avr/4.3.3/avr5\libgcc.a(_gt_sf.o)
                              ./NewNewMc.2/HAL/LCD/LCD.o (__gtsf2)
c:/winavr-20100110/bin/../lib/gcc/avr/4.3.3/avr5\libgcc.a(_ge_sf.o)
                              c:/winavr-20100110/bin/../lib/gcc/avr/4.3.3/avr5\libgcc.a(_fixunssfsi.o) (__gesf2)
c:/winavr-20100110/bin/../lib/gcc/avr/4.3.3/avr5\libgcc.a(_lt_sf.o)
                              ./NewNewMc.2/HAL/LCD/LCD.o (__ltsf2)
c:/winavr-20100110/bin/../lib/gcc/avr/4.3.3/avr5\libgcc.a(_sf_to_si.o)
                              c:/winavr-20100110/bin/../lib/gcc/avr/4.3.3/avr5\libgcc.a(_fixunssfsi.o) (__fixsfsi)
c:/winavr-20100110/bin/../lib/gcc/avr/4.3.3/avr5\libgcc.a(_thenan_sf.o)
                              c:/winavr-20100110/bin/../lib/gcc/avr/4.3.3/avr5\libgcc.a(_addsub_sf.o) (__thenan_sf)
c:/winavr-20100110/bin/../lib/gcc/avr/4.3.3/avr5\libgcc.a(_usi_to_sf.o)
                              ./NewNewMc.2/MCAL/TIMER0/TIMER0_prg.o (__floatunsisf)
c:/winavr-20100110/bin/../lib/gcc/avr/4.3.3/avr5\libgcc.a(_prologue.o)
                              c:/winavr-20100110/bin/../lib/gcc/avr/4.3.3/avr5\libgcc.a(_addsub_sf.o) (__prologue_saves__)
c:/winavr-20100110/bin/../lib/gcc/avr/4.3.3/avr5\libgcc.a(_epilogue.o)
                              c:/winavr-20100110/bin/../lib/gcc/avr/4.3.3/avr5\libgcc.a(_addsub_sf.o) (__epilogue_restores__)
c:/winavr-20100110/bin/../lib/gcc/avr/4.3.3/avr5\libgcc.a(_clzsi2.o)
                              c:/winavr-20100110/bin/../lib/gcc/avr/4.3.3/avr5\libgcc.a(_usi_to_sf.o) (__clzsi2)
c:/winavr-20100110/bin/../lib/gcc/avr/4.3.3/avr5\libgcc.a(_pack_sf.o)
                              c:/winavr-20100110/bin/../lib/gcc/avr/4.3.3/avr5\libgcc.a(_addsub_sf.o) (__pack_f)
c:/winavr-20100110/bin/../lib/gcc/avr/4.3.3/avr5\libgcc.a(_unpack_sf.o)
                              c:/winavr-20100110/bin/../lib/gcc/avr/4.3.3/avr5\libgcc.a(_addsub_sf.o) (__unpack_f)
c:/winavr-20100110/bin/../lib/gcc/avr/4.3.3/avr5\libgcc.a(_fpcmp_parts_sf.o)
                              c:/winavr-20100110/bin/../lib/gcc/avr/4.3.3/avr5\libgcc.a(_gt_sf.o) (__fpcmp_parts_f)
c:/winavr-20100110/bin/../lib/gcc/avr/4.3.3/avr5\libgcc.a(_clz.o)
                              c:/winavr-20100110/bin/../lib/gcc/avr/4.3.3/avr5\libgcc.a(_clzsi2.o) (__clz_tab)
c:/winavr-20100110/bin/../lib/gcc/avr/4.3.3/../../../../avr/lib/avr5\libc.a(atoi.o)
                              ./NewNewMc.2/APP/main2.o (atoi)
c:/winavr-20100110/bin/../lib/gcc/avr/4.3.3/../../../../avr/lib/avr5\libc.a(itoa.o)
                              ./NewNewMc.1/HAL/LCD/LCD.o (itoa)
c:/winavr-20100110/bin/../lib/gcc/avr/4.3.3/../../../../avr/lib/avr5\libc.a(mul10.o)
                              c:/winavr-20100110/bin/../lib/gcc/avr/4.3.3/../../../../avr/lib/avr5\libc.a(atoi.o) (__mulhi_const_10)
c:/winavr-20100110/bin/../lib/gcc/avr/4.3.3/../../../../avr/lib/avr5\libc.a(strrev.o)
                              c:/winavr-20100110/bin/../lib/gcc/avr/4.3.3/../../../../avr/lib/avr5\libc.a(itoa.o) (strrev)

Memory Configuration

Name             Origin             Length             Attributes
text             0x00000000         0x00020000         xr
data             0x00800060         0x0000ffa0         rw !x
eeprom           0x00810000         0x00010000         rw !x
fuse             0x00820000         0x00000400         rw !x
lock             0x00830000         0x00000400         rw !x
signature        0x00840000         0x00000400         rw !x
*default*        0x00000000         0xffffffff

Linker script and memory map

LOAD c:/winavr-20100110/bin/../lib/gcc/avr/4.3.3/../../../../avr/lib/avr5/crtm32.o
LOAD ./NewNewMc.2/SERV_UART/SERV_UART.o
LOAD ./NewNewMc.2/MCAL/UART/UART.o
LOAD ./NewNewMc.2/MCAL/TIMER0/TIMER0_prg.o
LOAD ./NewNewMc.2/MCAL/SPI/SPI.o
LOAD ./NewNewMc.2/MCAL/External_interrupt/ex_int.o
LOAD ./NewNewMc.2/MCAL/DIO/DIO.o
LOAD ./NewNewMc.2/HAL/LED/LED_prog.o
LOAD ./NewNewMc.2/HAL/LCD/LCD.o
LOAD ./NewNewMc.2/HAL/KEYPAD/keypad.o
LOAD ./NewNewMc.2/APP/main2.o
LOAD ./NewNewMc.1/SERV_UART/SERV_UART.o
LOAD ./NewNewMc.1/MCAL/UART/UART.o
LOAD ./NewNewMc.1/MCAL/TIMER1/TIMER1_prog.o
LOAD ./NewNewMc.1/MCAL/TIMER0/TIMER0_prog.o
LOAD ./NewNewMc.1/MCAL/SPI/SPI.o
LOAD ./NewNewMc.1/MCAL/External_interrupt/ex_int.o
LOAD ./NewNewMc.1/MCAL/DIO/DIO.o
LOAD ./NewNewMc.1/MCAL/ADC/ADC.o
LOAD ./NewNewMc.1/HAL/sensors/sensors.o
LOAD ./NewNewMc.1/HAL/Ultrasonic/Ultrasonic_prog.o
LOAD ./NewNewMc.1/HAL/MOTOR/DC.o
LOAD ./NewNewMc.1/HAL/LCD/LCD.o
LOAD ./NewNewMc.1/HAL/KEYPAD/keypad.o
LOAD ./NewNewMc.1/APP/main1.o
LOAD c:/winavr-20100110/bin/../lib/gcc/avr/4.3.3/avr5\libgcc.a
LOAD c:/winavr-20100110/bin/../lib/gcc/avr/4.3.3/../../../../avr/lib/avr5\libc.a
LOAD c:/winavr-20100110/bin/../lib/gcc/avr/4.3.3/avr5\libgcc.a

.hash
 *(.hash)

.dynsym
 *(.dynsym)

.dynstr
 *(.dynstr)

.gnu.version
 *(.gnu.version)

.gnu.version_d
 *(.gnu.version_d)

.gnu.version_r
 *(.gnu.version_r)

.rel.init
 *(.rel.init)

.rela.init
 *(.rela.init)

.rel.text
 *(.rel.text)
 *(.rel.text.*)
 *(.rel.gnu.linkonce.t*)

.rela.text
 *(.rela.text)
 *(.rela.text.*)
 *(.rela.gnu.linkonce.t*)

.rel.fini
 *(.rel.fini)

.rela.fini
 *(.rela.fini)

.rel.rodata
 *(.rel.rodata)
 *(.rel.rodata.*)
 *(.rel.gnu.linkonce.r*)

.rela.rodata
 *(.rela.rodata)
 *(.rela.rodata.*)
 *(.rela.gnu.linkonce.r*)

.rel.data
 *(.rel.data)
 *(.rel.data.*)
 *(.rel.gnu.linkonce.d*)

.rela.data
 *(.rela.data)
 *(.rela.data.*)
 *(.rela.gnu.linkonce.d*)

.rel.ctors
 *(.rel.ctors)

.rela.ctors
 *(.rela.ctors)

.rel.dtors
 *(.rel.dtors)

.rela.dtors
 *(.rela.dtors)

.rel.got
 *(.rel.got)

.rela.got
 *(.rela.got)

.rel.bss
 *(.rel.bss)

.rela.bss
 *(.rela.bss)

.rel.plt
 *(.rel.plt)

.rela.plt
 *(.rela.plt)

.text           0x00000000     0x721c
 *(.vectors)
 .vectors       0x00000000       0x54 c:/winavr-20100110/bin/../lib/gcc/avr/4.3.3/../../../../avr/lib/avr5/crtm32.o
                0x00000000                __vectors
                0x00000000                __vector_default
 *(.vectors)
 *(.progmem.gcc*)
 *(.progmem*)
                0x00000054                . = ALIGN (0x2)
                0x00000054                __trampolines_start = .
 *(.trampolines)
 .trampolines   0x00000054        0x0 linker stubs
 *(.trampolines*)
                0x00000054                __trampolines_end = .
 *(.jumptables)
 *(.jumptables*)
 *(.lowtext)
 *(.lowtext*)
                0x00000054                __ctors_start = .
 *(.ctors)
                0x00000054                __ctors_end = .
                0x00000054                __dtors_start = .
 *(.dtors)
                0x00000054                __dtors_end = .
 SORT(*)(.ctors)
 SORT(*)(.dtors)
 *(.init0)
 .init0         0x00000054        0x0 c:/winavr-20100110/bin/../lib/gcc/avr/4.3.3/../../../../avr/lib/avr5/crtm32.o
                0x00000054                __init
 *(.init0)
 *(.init1)
 *(.init1)
 *(.init2)
 .init2         0x00000054        0xc c:/winavr-20100110/bin/../lib/gcc/avr/4.3.3/../../../../avr/lib/avr5/crtm32.o
 *(.init2)
 *(.init3)
 *(.init3)
 *(.init4)
 .init4         0x00000060       0x16 c:/winavr-20100110/bin/../lib/gcc/avr/4.3.3/avr5\libgcc.a(_copy_data.o)
                0x00000060                __do_copy_data
 .init4         0x00000076       0x10 c:/winavr-20100110/bin/../lib/gcc/avr/4.3.3/avr5\libgcc.a(_clear_bss.o)
                0x00000076                __do_clear_bss
 *(.init4)
 *(.init5)
 *(.init5)
 *(.init6)
 *(.init6)
 *(.init7)
 *(.init7)
 *(.init8)
 *(.init8)
 *(.init9)
 .init9         0x00000086        0x8 c:/winavr-20100110/bin/../lib/gcc/avr/4.3.3/../../../../avr/lib/avr5/crtm32.o
 *(.init9)
 *(.text)
 .text          0x0000008e        0x4 c:/winavr-20100110/bin/../lib/gcc/avr/4.3.3/../../../../avr/lib/avr5/crtm32.o
                0x0000008e                __vector_12
                0x0000008e                __bad_interrupt
                0x0000008e                __vector_6
                0x0000008e                __vector_3
                0x0000008e                __vector_13
                0x0000008e                __vector_17
                0x0000008e                __vector_19
                0x0000008e                __vector_7
                0x0000008e                __vector_5
                0x0000008e                __vector_4
                0x0000008e                __vector_9
                0x0000008e                __vector_2
                0x0000008e                __vector_15
                0x0000008e                __vector_8
                0x0000008e                __vector_14
                0x0000008e                __vector_10
                0x0000008e                __vector_16
                0x0000008e                __vector_18
                0x0000008e                __vector_20
 .text          0x00000092        0x0 ./NewNewMc.2/SERV_UART/SERV_UART.o
 .text          0x00000092        0x0 ./NewNewMc.2/MCAL/UART/UART.o
 .text          0x00000092        0x0 ./NewNewMc.2/MCAL/TIMER0/TIMER0_prg.o
 .text          0x00000092        0x0 ./NewNewMc.2/MCAL/SPI/SPI.o
 .text          0x00000092        0x0 ./NewNewMc.2/MCAL/External_interrupt/ex_int.o
 .text          0x00000092        0x0 ./NewNewMc.2/MCAL/DIO/DIO.o
 .text          0x00000092        0x0 ./NewNewMc.2/HAL/LED/LED_prog.o
 .text          0x00000092        0x0 ./NewNewMc.2/HAL/LCD/LCD.o
 .text          0x00000092        0x0 ./NewNewMc.2/HAL/KEYPAD/keypad.o
 .text          0x00000092        0x0 ./NewNewMc.2/APP/main2.o
 .text          0x00000092        0x0 ./NewNewMc.1/SERV_UART/SERV_UART.o
 .text          0x00000092        0x0 ./NewNewMc.1/MCAL/UART/UART.o
 .text          0x00000092        0x0 ./NewNewMc.1/MCAL/TIMER1/TIMER1_prog.o
 .text          0x00000092        0x0 ./NewNewMc.1/MCAL/TIMER0/TIMER0_prog.o
 .text          0x00000092        0x0 ./NewNewMc.1/MCAL/SPI/SPI.o
 .text          0x00000092        0x0 ./NewNewMc.1/MCAL/External_interrupt/ex_int.o
 .text          0x00000092        0x0 ./NewNewMc.1/MCAL/DIO/DIO.o
 .text          0x00000092        0x0 ./NewNewMc.1/MCAL/ADC/ADC.o
 .text          0x00000092        0x0 ./NewNewMc.1/HAL/sensors/sensors.o
 .text          0x00000092        0x0 ./NewNewMc.1/HAL/Ultrasonic/Ultrasonic_prog.o
 .text          0x00000092        0x0 ./NewNewMc.1/HAL/MOTOR/DC.o
 .text          0x00000092        0x0 ./NewNewMc.1/HAL/LCD/LCD.o
 .text          0x00000092        0x0 ./NewNewMc.1/HAL/KEYPAD/keypad.o
 .text          0x00000092        0x0 ./NewNewMc.1/APP/main1.o
 .text          0x00000092        0x0 c:/winavr-20100110/bin/../lib/gcc/avr/4.3.3/avr5\libgcc.a(_mulsi3.o)
 .text          0x00000092        0x0 c:/winavr-20100110/bin/../lib/gcc/avr/4.3.3/avr5\libgcc.a(_udivmodhi4.o)
 .text          0x00000092        0x0 c:/winavr-20100110/bin/../lib/gcc/avr/4.3.3/avr5\libgcc.a(_divmodhi4.o)
 .text          0x00000092        0x0 c:/winavr-20100110/bin/../lib/gcc/avr/4.3.3/avr5\libgcc.a(_udivmodsi4.o)
 .text          0x00000092        0x0 c:/winavr-20100110/bin/../lib/gcc/avr/4.3.3/avr5\libgcc.a(_divmodsi4.o)
 .text          0x00000092        0x0 c:/winavr-20100110/bin/../lib/gcc/avr/4.3.3/avr5\libgcc.a(_exit.o)
 .text          0x00000092        0x0 c:/winavr-20100110/bin/../lib/gcc/avr/4.3.3/avr5\libgcc.a(_copy_data.o)
 .text          0x00000092        0x0 c:/winavr-20100110/bin/../lib/gcc/avr/4.3.3/avr5\libgcc.a(_clear_bss.o)
 .text          0x00000092       0x58 c:/winavr-20100110/bin/../lib/gcc/avr/4.3.3/avr5\libgcc.a(_fixunssfsi.o)
                0x00000092                __fixunssfsi
 .text          0x000000ea      0x354 c:/winavr-20100110/bin/../lib/gcc/avr/4.3.3/avr5\libgcc.a(_addsub_sf.o)
                0x00000382                __subsf3
                0x000003e4                __addsf3
 .text          0x0000043e      0x1f4 c:/winavr-20100110/bin/../lib/gcc/avr/4.3.3/avr5\libgcc.a(_mul_sf.o)
                0x0000043e                __mulsf3
 .text          0x00000632      0x158 c:/winavr-20100110/bin/../lib/gcc/avr/4.3.3/avr5\libgcc.a(_div_sf.o)
                0x00000632                __divsf3
 .text          0x0000078a       0x60 c:/winavr-20100110/bin/../lib/gcc/avr/4.3.3/avr5\libgcc.a(_gt_sf.o)
                0x0000078a                __gtsf2
 .text          0x000007ea       0x60 c:/winavr-20100110/bin/../lib/gcc/avr/4.3.3/avr5\libgcc.a(_ge_sf.o)
                0x000007ea                __gesf2
 .text          0x0000084a       0x60 c:/winavr-20100110/bin/../lib/gcc/avr/4.3.3/avr5\libgcc.a(_lt_sf.o)
                0x0000084a                __ltsf2
 .text          0x000008aa       0xa8 c:/winavr-20100110/bin/../lib/gcc/avr/4.3.3/avr5\libgcc.a(_sf_to_si.o)
                0x000008aa                __fixsfsi
 .text          0x00000952        0x0 c:/winavr-20100110/bin/../lib/gcc/avr/4.3.3/avr5\libgcc.a(_thenan_sf.o)
 .text          0x00000952       0xf2 c:/winavr-20100110/bin/../lib/gcc/avr/4.3.3/avr5\libgcc.a(_usi_to_sf.o)
                0x00000952                __floatunsisf
 .text          0x00000a44        0x0 c:/winavr-20100110/bin/../lib/gcc/avr/4.3.3/avr5\libgcc.a(_prologue.o)
 .text          0x00000a44        0x0 c:/winavr-20100110/bin/../lib/gcc/avr/4.3.3/avr5\libgcc.a(_epilogue.o)
 .text          0x00000a44       0x9e c:/winavr-20100110/bin/../lib/gcc/avr/4.3.3/avr5\libgcc.a(_clzsi2.o)
                0x00000a44                __clzsi2
 .text          0x00000ae2      0x1aa c:/winavr-20100110/bin/../lib/gcc/avr/4.3.3/avr5\libgcc.a(_pack_sf.o)
                0x00000ae2                __pack_f
 .text          0x00000c8c       0xf0 c:/winavr-20100110/bin/../lib/gcc/avr/4.3.3/avr5\libgcc.a(_unpack_sf.o)
                0x00000c8c                __unpack_f
 .text          0x00000d7c       0xb2 c:/winavr-20100110/bin/../lib/gcc/avr/4.3.3/avr5\libgcc.a(_fpcmp_parts_sf.o)
                0x00000d7c                __fpcmp_parts_f
 .text          0x00000e2e        0x0 c:/winavr-20100110/bin/../lib/gcc/avr/4.3.3/avr5\libgcc.a(_clz.o)
 .text          0x00000e2e        0x0 c:/winavr-20100110/bin/../lib/gcc/avr/4.3.3/../../../../avr/lib/avr5\libc.a(atoi.o)
 .text          0x00000e2e        0x0 c:/winavr-20100110/bin/../lib/gcc/avr/4.3.3/../../../../avr/lib/avr5\libc.a(itoa.o)
 .text          0x00000e2e        0x0 c:/winavr-20100110/bin/../lib/gcc/avr/4.3.3/../../../../avr/lib/avr5\libc.a(mul10.o)
 .text          0x00000e2e        0x0 c:/winavr-20100110/bin/../lib/gcc/avr/4.3.3/../../../../avr/lib/avr5\libc.a(strrev.o)
                0x00000e2e                . = ALIGN (0x2)
 *(.text.*)
 .text.SER_UART_void_send_string
                0x00000e2e       0x52 ./NewNewMc.2/SERV_UART/SERV_UART.o
                0x00000e2e                SER_UART_void_send_string
 .text.SER_UART_void_receive_string
                0x00000e80       0x86 ./NewNewMc.2/SERV_UART/SERV_UART.o
                0x00000e80                SER_UART_void_receive_string
 .text.SER_UART_void_receive_string_NOBLOCKING
                0x00000f06       0x82 ./NewNewMc.2/SERV_UART/SERV_UART.o
                0x00000f06                SER_UART_void_receive_string_NOBLOCKING
 .text.UART_void_initialize
                0x00000f88       0x9a ./NewNewMc.2/MCAL/UART/UART.o
                0x00000f88                UART_void_initialize
 .text.UART_void_send_data
                0x00001022       0x34 ./NewNewMc.2/MCAL/UART/UART.o
                0x00001022                UART_void_send_data
 .text.UART_void_recieve_data
                0x00001056       0x1e ./NewNewMc.2/MCAL/UART/UART.o
                0x00001056                UART_void_recieve_data
 .text.UART_u8RecieveDataNoBLOCKING
                0x00001074       0x3a ./NewNewMc.2/MCAL/UART/UART.o
                0x00001074                UART_u8RecieveDataNoBLOCKING
 .text.TIMER0_voidStartTimer
                0x000010ae       0x18 ./NewNewMc.2/MCAL/TIMER0/TIMER0_prg.o
                0x000010ae                TIMER0_voidStartTimer
 .text.TIMER0_voidStopTimer
                0x000010c6       0x1a ./NewNewMc.2/MCAL/TIMER0/TIMER0_prg.o
                0x000010c6                TIMER0_voidStopTimer
 .text.TIMER0_voidInitializeTimer0
                0x000010e0       0x7e ./NewNewMc.2/MCAL/TIMER0/TIMER0_prg.o
                0x000010e0                TIMER0_voidInitializeTimer0
 .text.TIMER0_voidSetDesiredTime_us
                0x0000115e      0x19a ./NewNewMc.2/MCAL/TIMER0/TIMER0_prg.o
                0x0000115e                TIMER0_voidSetDesiredTime_us
 .text.TIMER0_voidOverFlowCallBack
                0x000012f8       0x24 ./NewNewMc.2/MCAL/TIMER0/TIMER0_prg.o
                0x000012f8                TIMER0_voidOverFlowCallBack
 .text.__vector_11
                0x0000131c       0xc4 ./NewNewMc.2/MCAL/TIMER0/TIMER0_prg.o
                0x0000131c                __vector_11
 .text.TIMER0_voidFastPWM
                0x000013e0       0x36 ./NewNewMc.2/MCAL/TIMER0/TIMER0_prg.o
                0x000013e0                TIMER0_voidFastPWM
 .text.TIMER0_voidPhasePWM
                0x00001416       0x4e ./NewNewMc.2/MCAL/TIMER0/TIMER0_prg.o
                0x00001416                TIMER0_voidPhasePWM
 .text.SPI_InitMaster
                0x00001464       0x44 ./NewNewMc.2/MCAL/SPI/SPI.o
                0x00001464                SPI_InitMaster
 .text.SPI_InitSlave
                0x000014a8       0x44 ./NewNewMc.2/MCAL/SPI/SPI.o
                0x000014a8                SPI_InitSlave
 .text.SPI_SendByte
                0x000014ec       0x26 ./NewNewMc.2/MCAL/SPI/SPI.o
                0x000014ec                SPI_SendByte
 .text.SPI_ReceiveByte
                0x00001512       0x1e ./NewNewMc.2/MCAL/SPI/SPI.o
                0x00001512                SPI_ReceiveByte
 .text.SPI_SendString
                0x00001530       0x38 ./NewNewMc.2/MCAL/SPI/SPI.o
                0x00001530                SPI_SendString
 .text.SPI_ReceiveString
                0x00001568       0x86 ./NewNewMc.2/MCAL/SPI/SPI.o
                0x00001568                SPI_ReceiveString
 .text.EXTI_void_int
                0x000015ee       0x80 ./NewNewMc.2/MCAL/External_interrupt/ex_int.o
                0x000015ee                EXTI_void_int
 .text.EXTI_void_changeMod
                0x0000166e      0x1a2 ./NewNewMc.2/MCAL/External_interrupt/ex_int.o
                0x0000166e                EXTI_void_changeMod
 .text.DIO_void_setPin_value
                0x00001810      0x200 ./NewNewMc.2/MCAL/DIO/DIO.o
                0x00001810                DIO_void_setPin_value
 .text.DIO_void_setPin_direction
                0x00001a10      0x200 ./NewNewMc.2/MCAL/DIO/DIO.o
                0x00001a10                DIO_void_setPin_direction
 .text.DIO_value_type_getPin_value
                0x00001c10       0xf2 ./NewNewMc.2/MCAL/DIO/DIO.o
                0x00001c10                DIO_value_type_getPin_value
 .text.DIO_void_setPort_direction
                0x00001d02       0x82 ./NewNewMc.2/MCAL/DIO/DIO.o
                0x00001d02                DIO_void_setPort_direction
 .text.DIO_void_setPort_value
                0x00001d84       0x82 ./NewNewMc.2/MCAL/DIO/DIO.o
                0x00001d84                DIO_void_setPort_value
 .text.LED_void_LED_Direction
                0x00001e06       0x22 ./NewNewMc.2/HAL/LED/LED_prog.o
                0x00001e06                LED_void_LED_Direction
 .text.LED_void_LEDOn
                0x00001e28       0x3a ./NewNewMc.2/HAL/LED/LED_prog.o
                0x00001e28                LED_void_LEDOn
 .text.LED_void_LEDOff
                0x00001e62       0x3a ./NewNewMc.2/HAL/LED/LED_prog.o
                0x00001e62                LED_void_LEDOff
 .text.LED_void_LEDToggle
                0x00001e9c       0x18 ./NewNewMc.2/HAL/LED/LED_prog.o
                0x00001e9c                LED_void_LEDToggle
 .text.LED_void_LEDINT
                0x00001eb4       0x1a ./NewNewMc.2/HAL/LED/LED_prog.o
                0x00001eb4                LED_void_LEDINT
 .text.LCD_void_init
                0x00001ece      0xc66 ./NewNewMc.2/HAL/LCD/LCD.o
                0x00001ece                LCD_void_init
 .text.LCD_void_send_command
                0x00002b34      0x436 ./NewNewMc.2/HAL/LCD/LCD.o
                0x00002b34                LCD_void_send_command
 .text.LCD_void_write_char
                0x00002f6a      0x352 ./NewNewMc.2/HAL/LCD/LCD.o
                0x00002f6a                LCD_void_write_char
 .text.LCD_void_write_string
                0x000032bc       0x52 ./NewNewMc.2/HAL/LCD/LCD.o
                0x000032bc                LCD_void_write_string
 .text.LCD_void_print_unsigned_integer
                0x0000330e       0xe6 ./NewNewMc.2/HAL/LCD/LCD.o
                0x0000330e                LCD_void_print_unsigned_integer
 .text.LCD_void_print_signed_integer
                0x000033f4      0x118 ./NewNewMc.2/HAL/LCD/LCD.o
                0x000033f4                LCD_void_print_signed_integer
 .text.LCD_void_goto
                0x0000350c       0x5a ./NewNewMc.2/HAL/LCD/LCD.o
                0x0000350c                LCD_void_goto
 .text.KeyPad_void_intialize
                0x00003566        0xe ./NewNewMc.2/HAL/KEYPAD/keypad.o
                0x00003566                KeyPad_void_intialize
 .text.KeyPad_4x4_adjustKeyNumber
                0x00003574      0x14c ./NewNewMc.2/HAL/KEYPAD/keypad.o
 .text.KeyPad_getPressedKey
                0x000036c0       0x9c ./NewNewMc.2/HAL/KEYPAD/keypad.o
                0x000036c0                KeyPad_getPressedKey
 .text.main     0x0000375c      0x3ba ./NewNewMc.2/APP/main2.o
                0x0000375c                main
 .text.SER_UART_void_send_string
                0x00003b16       0x52 ./NewNewMc.1/SERV_UART/SERV_UART.o
 .text.SER_UART_void_receive_string
                0x00003b68       0x86 ./NewNewMc.1/SERV_UART/SERV_UART.o
 .text.SER_UART_void_receive_string_NOBLOCKING
                0x00003bee       0x82 ./NewNewMc.1/SERV_UART/SERV_UART.o
 .text.UART_void_initialize
                0x00003c70       0x9a ./NewNewMc.1/MCAL/UART/UART.o
 .text.UART_void_send_data
                0x00003d0a       0x34 ./NewNewMc.1/MCAL/UART/UART.o
 .text.UART_void_recieve_data
                0x00003d3e       0x1e ./NewNewMc.1/MCAL/UART/UART.o
 .text.UART_u8RecieveDataNoBLOCKING
                0x00003d5c       0x3a ./NewNewMc.1/MCAL/UART/UART.o
 .text.TIMER1_voidICUInitilization
                0x00003d96       0x94 ./NewNewMc.1/MCAL/TIMER1/TIMER1_prog.o
                0x00003d96                TIMER1_voidICUInitilization
 .text.TIMER1_void_TimerStop
                0x00003e2a       0x1c ./NewNewMc.1/MCAL/TIMER1/TIMER1_prog.o
                0x00003e2a                TIMER1_void_TimerStop
 .text.TIMER1_void_TimerStart
                0x00003e46       0x32 ./NewNewMc.1/MCAL/TIMER1/TIMER1_prog.o
                0x00003e46                TIMER1_void_TimerStart
 .text.TIMER_u8ICUDutyCycle
                0x00003e78       0x8c ./NewNewMc.1/MCAL/TIMER1/TIMER1_prog.o
                0x00003e78                TIMER_u8ICUDutyCycle
 .text.TIMER1_u16CurrentTimerValue
                0x00003f04       0x16 ./NewNewMc.1/MCAL/TIMER1/TIMER1_prog.o
                0x00003f04                TIMER1_u16CurrentTimerValue
 .text.TIMER1_voidCLRCounter
                0x00003f1a       0x16 ./NewNewMc.1/MCAL/TIMER1/TIMER1_prog.o
                0x00003f1a                TIMER1_voidCLRCounter
 .text.ISR      0x00003f30       0xee ./NewNewMc.1/MCAL/TIMER1/TIMER1_prog.o
                0x00003f30                ISR
 .text.TIMER0_void_Intialize
                0x0000401e      0x126 ./NewNewMc.1/MCAL/TIMER0/TIMER0_prog.o
                0x0000401e                TIMER0_void_Intialize
 .text.TIMER0_void_TimerStop
                0x00004144       0x1c ./NewNewMc.1/MCAL/TIMER0/TIMER0_prog.o
                0x00004144                TIMER0_void_TimerStop
 .text.TIMER0_void_TimerStart
                0x00004160       0x32 ./NewNewMc.1/MCAL/TIMER0/TIMER0_prog.o
                0x00004160                TIMER0_void_TimerStart
 .text.TIMER0_void_EnableOVInt
                0x00004192       0x2a ./NewNewMc.1/MCAL/TIMER0/TIMER0_prog.o
                0x00004192                TIMER0_void_EnableOVInt
 .text.TIMER0_void_DisableOVInt
                0x000041bc       0x1c ./NewNewMc.1/MCAL/TIMER0/TIMER0_prog.o
                0x000041bc                TIMER0_void_DisableOVInt
 .text.TIMER0_void_SetOVCALLBack
                0x000041d8       0x24 ./NewNewMc.1/MCAL/TIMER0/TIMER0_prog.o
                0x000041d8                TIMER0_void_SetOVCALLBack
 .text.TIMER0_void_EnableCTCInt
                0x000041fc       0x2a ./NewNewMc.1/MCAL/TIMER0/TIMER0_prog.o
                0x000041fc                TIMER0_void_EnableCTCInt
 .text.TIMER0_void_DisableCTCInt
                0x00004226       0x1c ./NewNewMc.1/MCAL/TIMER0/TIMER0_prog.o
                0x00004226                TIMER0_void_DisableCTCInt
 .text.TIMER0_void_SetCTCCALLBack
                0x00004242       0x24 ./NewNewMc.1/MCAL/TIMER0/TIMER0_prog.o
                0x00004242                TIMER0_void_SetCTCCALLBack
 .text.TIMER0_void_SetCompareValue
                0x00004266       0x1c ./NewNewMc.1/MCAL/TIMER0/TIMER0_prog.o
                0x00004266                TIMER0_void_SetCompareValue
 .text.TIMER0_void_SetDesiredTime_MicroSec
                0x00004282      0x20e ./NewNewMc.1/MCAL/TIMER0/TIMER0_prog.o
                0x00004282                TIMER0_void_SetDesiredTime_MicroSec
 .text.TIMER0_void_FastPWM
                0x00004490       0x88 ./NewNewMc.1/MCAL/TIMER0/TIMER0_prog.o
                0x00004490                TIMER0_void_FastPWM
 .text.TIMER0_void_PhaseCorrectPWM
                0x00004518       0xaa ./NewNewMc.1/MCAL/TIMER0/TIMER0_prog.o
                0x00004518                TIMER0_void_PhaseCorrectPWM
 .text.TIMER0_void_TIMER0_TickTime
                0x000045c2       0xbc ./NewNewMc.1/MCAL/TIMER0/TIMER0_prog.o
                0x000045c2                TIMER0_void_TIMER0_TickTime
 .text.SPI_InitMaster
                0x0000467e       0x4e ./NewNewMc.1/MCAL/SPI/SPI.o
 .text.SPI_InitSlave
                0x000046cc       0x26 ./NewNewMc.1/MCAL/SPI/SPI.o
 .text.SPI_SendByte
                0x000046f2       0x26 ./NewNewMc.1/MCAL/SPI/SPI.o
 .text.SPI_ReceiveByte
                0x00004718       0x1e ./NewNewMc.1/MCAL/SPI/SPI.o
 .text.SPI_SendString
                0x00004736       0x38 ./NewNewMc.1/MCAL/SPI/SPI.o
 .text.SPI_ReceiveString
                0x0000476e       0x86 ./NewNewMc.1/MCAL/SPI/SPI.o
 .text.EXTI_void_int
                0x000047f4       0x80 ./NewNewMc.1/MCAL/External_interrupt/ex_int.o
 .text.EXTI_void_changeMod
                0x00004874      0x1a2 ./NewNewMc.1/MCAL/External_interrupt/ex_int.o
 .text.DIO_void_setPin_value
                0x00004a16      0x200 ./NewNewMc.1/MCAL/DIO/DIO.o
 .text.DIO_void_setPin_direction
                0x00004c16      0x200 ./NewNewMc.1/MCAL/DIO/DIO.o
 .text.DIO_value_type_getPin_value
                0x00004e16       0xf2 ./NewNewMc.1/MCAL/DIO/DIO.o
 .text.DIO_void_setPort_direction
                0x00004f08       0x82 ./NewNewMc.1/MCAL/DIO/DIO.o
 .text.DIO_void_setPort_value
                0x00004f8a       0x82 ./NewNewMc.1/MCAL/DIO/DIO.o
 .text.ADC_void_init
                0x0000500c      0x264 ./NewNewMc.1/MCAL/ADC/ADC.o
                0x0000500c                ADC_void_init
 .text.ADC_u16_read
                0x00005270       0x6e ./NewNewMc.1/MCAL/ADC/ADC.o
                0x00005270                ADC_u16_read
 .text.TEMP_u16_Read
                0x000052de       0x76 ./NewNewMc.1/HAL/sensors/sensors.o
                0x000052de                TEMP_u16_Read
 .text.ULTRASONIC_voidInit
                0x00005354       0x36 ./NewNewMc.1/HAL/Ultrasonic/Ultrasonic_prog.o
                0x00005354                ULTRASONIC_voidInit
 .text.ULTRASONIC_u8Read
                0x0000538a      0x1b6 ./NewNewMc.1/HAL/Ultrasonic/Ultrasonic_prog.o
                0x0000538a                ULTRASONIC_u8Read
 .text.__vector_1
                0x00005540       0x84 ./NewNewMc.1/HAL/Ultrasonic/Ultrasonic_prog.o
                0x00005540                __vector_1
 .text.getdistance
                0x000055c4       0x2c ./NewNewMc.1/HAL/Ultrasonic/Ultrasonic_prog.o
                0x000055c4                getdistance
 .text.DC_voidInitialize
                0x000055f0       0x22 ./NewNewMc.1/HAL/MOTOR/DC.o
                0x000055f0                DC_voidInitialize
 .text.DC_voidRotate
                0x00005612       0x4a ./NewNewMc.1/HAL/MOTOR/DC.o
                0x00005612                DC_voidRotate
 .text.DC_voidStop
                0x0000565c       0x22 ./NewNewMc.1/HAL/MOTOR/DC.o
                0x0000565c                DC_voidStop
 .text.DC_voidSetSpeed
                0x0000567e       0x2e ./NewNewMc.1/HAL/MOTOR/DC.o
                0x0000567e                DC_voidSetSpeed
 .text.LCD_void_init
                0x000056ac      0xc66 ./NewNewMc.1/HAL/LCD/LCD.o
 .text.LCD_void_send_command
                0x00006312      0x436 ./NewNewMc.1/HAL/LCD/LCD.o
 .text.LCD_void_write_char
                0x00006748      0x352 ./NewNewMc.1/HAL/LCD/LCD.o
 .text.LCD_void_write_string
                0x00006a9a       0x52 ./NewNewMc.1/HAL/LCD/LCD.o
 .text.LCD_void_print_unsigned_integer
                0x00006aec       0x4c ./NewNewMc.1/HAL/LCD/LCD.o
 .text.LCD_void_print_signed_integer
                0x00006b38      0x118 ./NewNewMc.1/HAL/LCD/LCD.o
 .text.LCD_void_goto
                0x00006c50       0x5a ./NewNewMc.1/HAL/LCD/LCD.o
 .text.KeyPad_void_intialize
                0x00006caa        0xe ./NewNewMc.1/HAL/KEYPAD/keypad.o
 .text.KeyPad_4x4_adjustKeyNumber
                0x00006cb8      0x14c ./NewNewMc.1/HAL/KEYPAD/keypad.o
 .text.KeyPad_getPressedKey
                0x00006e04       0x9c ./NewNewMc.1/HAL/KEYPAD/keypad.o
 .text.main     0x00006ea0      0x156 ./NewNewMc.1/APP/main1.o
 .text.libgcc   0x00006ff6       0x3e c:/winavr-20100110/bin/../lib/gcc/avr/4.3.3/avr5\libgcc.a(_mulsi3.o)
                0x00006ff6                __mulsi3
 .text.libgcc   0x00007034       0x28 c:/winavr-20100110/bin/../lib/gcc/avr/4.3.3/avr5\libgcc.a(_udivmodhi4.o)
                0x00007034                __udivmodhi4
 .text.libgcc   0x0000705c       0x26 c:/winavr-20100110/bin/../lib/gcc/avr/4.3.3/avr5\libgcc.a(_divmodhi4.o)
                0x0000705c                __divmodhi4
                0x0000705c                _div
 .text.libgcc   0x00007082       0x44 c:/winavr-20100110/bin/../lib/gcc/avr/4.3.3/avr5\libgcc.a(_udivmodsi4.o)
                0x00007082                __udivmodsi4
 .text.libgcc   0x000070c6       0x36 c:/winavr-20100110/bin/../lib/gcc/avr/4.3.3/avr5\libgcc.a(_divmodsi4.o)
                0x000070c6                __divmodsi4
 .text.libgcc   0x000070fc        0x0 c:/winavr-20100110/bin/../lib/gcc/avr/4.3.3/avr5\libgcc.a(_exit.o)
 .text.libgcc   0x000070fc        0x0 c:/winavr-20100110/bin/../lib/gcc/avr/4.3.3/avr5\libgcc.a(_copy_data.o)
 .text.libgcc   0x000070fc        0x0 c:/winavr-20100110/bin/../lib/gcc/avr/4.3.3/avr5\libgcc.a(_clear_bss.o)
 .text.libgcc   0x000070fc       0x38 c:/winavr-20100110/bin/../lib/gcc/avr/4.3.3/avr5\libgcc.a(_prologue.o)
                0x000070fc                __prologue_saves__
 .text.libgcc   0x00007134       0x36 c:/winavr-20100110/bin/../lib/gcc/avr/4.3.3/avr5\libgcc.a(_epilogue.o)
                0x00007134                __epilogue_restores__
 .text.avr-libc
                0x0000716a       0x3c c:/winavr-20100110/bin/../lib/gcc/avr/4.3.3/../../../../avr/lib/avr5\libc.a(atoi.o)
                0x0000716a                atoi
 .text.avr-libc
                0x000071a6       0x42 c:/winavr-20100110/bin/../lib/gcc/avr/4.3.3/../../../../avr/lib/avr5\libc.a(itoa.o)
                0x000071a6                itoa
 .text.avr-libc
                0x000071e8       0x10 c:/winavr-20100110/bin/../lib/gcc/avr/4.3.3/../../../../avr/lib/avr5\libc.a(mul10.o)
                0x000071e8                __mulhi_const_10
 .text.avr-libc
                0x000071f8       0x20 c:/winavr-20100110/bin/../lib/gcc/avr/4.3.3/../../../../avr/lib/avr5\libc.a(strrev.o)
                0x000071f8                strrev
                0x00007218                . = ALIGN (0x2)
 *(.fini9)
 .fini9         0x00007218        0x0 c:/winavr-20100110/bin/../lib/gcc/avr/4.3.3/avr5\libgcc.a(_exit.o)
                0x00007218                exit
                0x00007218                _exit
 *(.fini9)
 *(.fini8)
 *(.fini8)
 *(.fini7)
 *(.fini7)
 *(.fini6)
 *(.fini6)
 *(.fini5)
 *(.fini5)
 *(.fini4)
 *(.fini4)
 *(.fini3)
 *(.fini3)
 *(.fini2)
 *(.fini2)
 *(.fini1)
 *(.fini1)
 *(.fini0)
 .fini0         0x00007218        0x4 c:/winavr-20100110/bin/../lib/gcc/avr/4.3.3/avr5\libgcc.a(_exit.o)
 *(.fini0)
                0x0000721c                _etext = .

.data           0x00800060      0x146 load address 0x0000721c
                0x00800060                PROVIDE (__data_start, .)
 *(.data)
 .data          0x00800060        0x0 c:/winavr-20100110/bin/../lib/gcc/avr/4.3.3/../../../../avr/lib/avr5/crtm32.o
 .data          0x00800060        0x0 ./NewNewMc.2/SERV_UART/SERV_UART.o
 .data          0x00800060        0x0 ./NewNewMc.2/MCAL/UART/UART.o
 .data          0x00800060        0x0 ./NewNewMc.2/MCAL/TIMER0/TIMER0_prg.o
 .data          0x00800060        0x0 ./NewNewMc.2/MCAL/SPI/SPI.o
 .data          0x00800060        0x0 ./NewNewMc.2/MCAL/External_interrupt/ex_int.o
 .data          0x00800060        0x0 ./NewNewMc.2/MCAL/DIO/DIO.o
 .data          0x00800060        0x0 ./NewNewMc.2/HAL/LED/LED_prog.o
 .data          0x00800060        0x0 ./NewNewMc.2/HAL/LCD/LCD.o
 .data          0x00800060        0x0 ./NewNewMc.2/HAL/KEYPAD/keypad.o
 .data          0x00800060       0x2f ./NewNewMc.2/APP/main2.o
 .data          0x0080008f        0x0 ./NewNewMc.1/SERV_UART/SERV_UART.o
 .data          0x0080008f        0x0 ./NewNewMc.1/MCAL/UART/UART.o
 .data          0x0080008f        0x0 ./NewNewMc.1/MCAL/TIMER1/TIMER1_prog.o
 .data          0x0080008f        0x0 ./NewNewMc.1/MCAL/TIMER0/TIMER0_prog.o
 .data          0x0080008f        0x0 ./NewNewMc.1/MCAL/SPI/SPI.o
 .data          0x0080008f        0x0 ./NewNewMc.1/MCAL/External_interrupt/ex_int.o
 .data          0x0080008f        0x0 ./NewNewMc.1/MCAL/DIO/DIO.o
 .data          0x0080008f        0x0 ./NewNewMc.1/MCAL/ADC/ADC.o
 .data          0x0080008f        0x0 ./NewNewMc.1/HAL/sensors/sensors.o
 .data          0x0080008f        0x0 ./NewNewMc.1/HAL/Ultrasonic/Ultrasonic_prog.o
 .data          0x0080008f        0x0 ./NewNewMc.1/HAL/MOTOR/DC.o
 .data          0x0080008f        0x0 ./NewNewMc.1/HAL/LCD/LCD.o
 .data          0x0080008f        0x0 ./NewNewMc.1/HAL/KEYPAD/keypad.o
 .data          0x0080008f        0xc ./NewNewMc.1/APP/main1.o
 .data          0x0080009b        0x0 c:/winavr-20100110/bin/../lib/gcc/avr/4.3.3/avr5\libgcc.a(_mulsi3.o)
 .data          0x0080009b        0x0 c:/winavr-20100110/bin/../lib/gcc/avr/4.3.3/avr5\libgcc.a(_udivmodhi4.o)
 .data          0x0080009b        0x0 c:/winavr-20100110/bin/../lib/gcc/avr/4.3.3/avr5\libgcc.a(_divmodhi4.o)
 .data          0x0080009b        0x0 c:/winavr-20100110/bin/../lib/gcc/avr/4.3.3/avr5\libgcc.a(_udivmodsi4.o)
 .data          0x0080009b        0x0 c:/winavr-20100110/bin/../lib/gcc/avr/4.3.3/avr5\libgcc.a(_divmodsi4.o)
 .data          0x0080009b        0x0 c:/winavr-20100110/bin/../lib/gcc/avr/4.3.3/avr5\libgcc.a(_exit.o)
 .data          0x0080009b        0x0 c:/winavr-20100110/bin/../lib/gcc/avr/4.3.3/avr5\libgcc.a(_copy_data.o)
 .data          0x0080009b        0x0 c:/winavr-20100110/bin/../lib/gcc/avr/4.3.3/avr5\libgcc.a(_clear_bss.o)
 .data          0x0080009b        0x0 c:/winavr-20100110/bin/../lib/gcc/avr/4.3.3/avr5\libgcc.a(_fixunssfsi.o)
 .data          0x0080009b        0x0 c:/winavr-20100110/bin/../lib/gcc/avr/4.3.3/avr5\libgcc.a(_addsub_sf.o)
 .data          0x0080009b        0x0 c:/winavr-20100110/bin/../lib/gcc/avr/4.3.3/avr5\libgcc.a(_mul_sf.o)
 .data          0x0080009b        0x0 c:/winavr-20100110/bin/../lib/gcc/avr/4.3.3/avr5\libgcc.a(_div_sf.o)
 .data          0x0080009b        0x0 c:/winavr-20100110/bin/../lib/gcc/avr/4.3.3/avr5\libgcc.a(_gt_sf.o)
 .data          0x0080009b        0x0 c:/winavr-20100110/bin/../lib/gcc/avr/4.3.3/avr5\libgcc.a(_ge_sf.o)
 .data          0x0080009b        0x0 c:/winavr-20100110/bin/../lib/gcc/avr/4.3.3/avr5\libgcc.a(_lt_sf.o)
 .data          0x0080009b        0x0 c:/winavr-20100110/bin/../lib/gcc/avr/4.3.3/avr5\libgcc.a(_sf_to_si.o)
 .data          0x0080009b        0x8 c:/winavr-20100110/bin/../lib/gcc/avr/4.3.3/avr5\libgcc.a(_thenan_sf.o)
                0x0080009b                __thenan_sf
 .data          0x008000a3        0x0 c:/winavr-20100110/bin/../lib/gcc/avr/4.3.3/avr5\libgcc.a(_usi_to_sf.o)
 .data          0x008000a3        0x0 c:/winavr-20100110/bin/../lib/gcc/avr/4.3.3/avr5\libgcc.a(_prologue.o)
 .data          0x008000a3        0x0 c:/winavr-20100110/bin/../lib/gcc/avr/4.3.3/avr5\libgcc.a(_epilogue.o)
 .data          0x008000a3        0x0 c:/winavr-20100110/bin/../lib/gcc/avr/4.3.3/avr5\libgcc.a(_clzsi2.o)
 .data          0x008000a3        0x0 c:/winavr-20100110/bin/../lib/gcc/avr/4.3.3/avr5\libgcc.a(_pack_sf.o)
 .data          0x008000a3        0x0 c:/winavr-20100110/bin/../lib/gcc/avr/4.3.3/avr5\libgcc.a(_unpack_sf.o)
 .data          0x008000a3        0x0 c:/winavr-20100110/bin/../lib/gcc/avr/4.3.3/avr5\libgcc.a(_fpcmp_parts_sf.o)
 .data          0x008000a3      0x100 c:/winavr-20100110/bin/../lib/gcc/avr/4.3.3/avr5\libgcc.a(_clz.o)
                0x008000a3                __clz_tab
 .data          0x008001a3        0x0 c:/winavr-20100110/bin/../lib/gcc/avr/4.3.3/../../../../avr/lib/avr5\libc.a(atoi.o)
 .data          0x008001a3        0x0 c:/winavr-20100110/bin/../lib/gcc/avr/4.3.3/../../../../avr/lib/avr5\libc.a(itoa.o)
 .data          0x008001a3        0x0 c:/winavr-20100110/bin/../lib/gcc/avr/4.3.3/../../../../avr/lib/avr5\libc.a(mul10.o)
 .data          0x008001a3        0x0 c:/winavr-20100110/bin/../lib/gcc/avr/4.3.3/../../../../avr/lib/avr5\libc.a(strrev.o)
 *(.data*)
 .data.TIMER0_u16Prescaler
                0x008001a3        0x2 ./NewNewMc.2/MCAL/TIMER0/TIMER0_prg.o
 *(.rodata)
 *(.rodata*)
 *(.gnu.linkonce.d*)
                0x008001a6                . = ALIGN (0x2)
 *fill*         0x008001a5        0x1 00
                0x008001a6                _edata = .
                0x008001a6                PROVIDE (__data_end, .)

.bss            0x008001a6       0x21
                0x008001a6                PROVIDE (__bss_start, .)
 *(.bss)
 .bss           0x008001a6        0x0 c:/winavr-20100110/bin/../lib/gcc/avr/4.3.3/../../../../avr/lib/avr5/crtm32.o
 .bss           0x008001a6        0x0 ./NewNewMc.2/SERV_UART/SERV_UART.o
 .bss           0x008001a6        0x0 ./NewNewMc.2/MCAL/UART/UART.o
 .bss           0x008001a6        0x0 ./NewNewMc.2/MCAL/TIMER0/TIMER0_prg.o
 .bss           0x008001a6        0x0 ./NewNewMc.2/MCAL/SPI/SPI.o
 .bss           0x008001a6        0x0 ./NewNewMc.2/MCAL/External_interrupt/ex_int.o
 .bss           0x008001a6        0x0 ./NewNewMc.2/MCAL/DIO/DIO.o
 .bss           0x008001a6        0x0 ./NewNewMc.2/HAL/LED/LED_prog.o
 .bss           0x008001a6        0x0 ./NewNewMc.2/HAL/LCD/LCD.o
 .bss           0x008001a6        0x0 ./NewNewMc.2/HAL/KEYPAD/keypad.o
 .bss           0x008001a6        0x0 ./NewNewMc.2/APP/main2.o
 .bss           0x008001a6        0x0 ./NewNewMc.1/SERV_UART/SERV_UART.o
 .bss           0x008001a6        0x0 ./NewNewMc.1/MCAL/UART/UART.o
 .bss           0x008001a6        0x0 ./NewNewMc.1/MCAL/TIMER1/TIMER1_prog.o
 .bss           0x008001a6        0x0 ./NewNewMc.1/MCAL/TIMER0/TIMER0_prog.o
 .bss           0x008001a6        0x0 ./NewNewMc.1/MCAL/SPI/SPI.o
 .bss           0x008001a6        0x0 ./NewNewMc.1/MCAL/External_interrupt/ex_int.o
 .bss           0x008001a6        0x0 ./NewNewMc.1/MCAL/DIO/DIO.o
 .bss           0x008001a6        0x0 ./NewNewMc.1/MCAL/ADC/ADC.o
 .bss           0x008001a6        0x0 ./NewNewMc.1/HAL/sensors/sensors.o
 .bss           0x008001a6        0x0 ./NewNewMc.1/HAL/Ultrasonic/Ultrasonic_prog.o
 .bss           0x008001a6        0x0 ./NewNewMc.1/HAL/MOTOR/DC.o
 .bss           0x008001a6        0x0 ./NewNewMc.1/HAL/LCD/LCD.o
 .bss           0x008001a6        0x0 ./NewNewMc.1/HAL/KEYPAD/keypad.o
 .bss           0x008001a6        0x0 ./NewNewMc.1/APP/main1.o
 .bss           0x008001a6        0x0 c:/winavr-20100110/bin/../lib/gcc/avr/4.3.3/avr5\libgcc.a(_mulsi3.o)
 .bss           0x008001a6        0x0 c:/winavr-20100110/bin/../lib/gcc/avr/4.3.3/avr5\libgcc.a(_udivmodhi4.o)
 .bss           0x008001a6        0x0 c:/winavr-20100110/bin/../lib/gcc/avr/4.3.3/avr5\libgcc.a(_divmodhi4.o)
 .bss           0x008001a6        0x0 c:/winavr-20100110/bin/../lib/gcc/avr/4.3.3/avr5\libgcc.a(_udivmodsi4.o)
 .bss           0x008001a6        0x0 c:/winavr-20100110/bin/../lib/gcc/avr/4.3.3/avr5\libgcc.a(_divmodsi4.o)
 .bss           0x008001a6        0x0 c:/winavr-20100110/bin/../lib/gcc/avr/4.3.3/avr5\libgcc.a(_exit.o)
 .bss           0x008001a6        0x0 c:/winavr-20100110/bin/../lib/gcc/avr/4.3.3/avr5\libgcc.a(_copy_data.o)
 .bss           0x008001a6        0x0 c:/winavr-20100110/bin/../lib/gcc/avr/4.3.3/avr5\libgcc.a(_clear_bss.o)
 .bss           0x008001a6        0x0 c:/winavr-20100110/bin/../lib/gcc/avr/4.3.3/avr5\libgcc.a(_fixunssfsi.o)
 .bss           0x008001a6        0x0 c:/winavr-20100110/bin/../lib/gcc/avr/4.3.3/avr5\libgcc.a(_addsub_sf.o)
 .bss           0x008001a6        0x0 c:/winavr-20100110/bin/../lib/gcc/avr/4.3.3/avr5\libgcc.a(_mul_sf.o)
 .bss           0x008001a6        0x0 c:/winavr-20100110/bin/../lib/gcc/avr/4.3.3/avr5\libgcc.a(_div_sf.o)
 .bss           0x008001a6        0x0 c:/winavr-20100110/bin/../lib/gcc/avr/4.3.3/avr5\libgcc.a(_gt_sf.o)
 .bss           0x008001a6        0x0 c:/winavr-20100110/bin/../lib/gcc/avr/4.3.3/avr5\libgcc.a(_ge_sf.o)
 .bss           0x008001a6        0x0 c:/winavr-20100110/bin/../lib/gcc/avr/4.3.3/avr5\libgcc.a(_lt_sf.o)
 .bss           0x008001a6        0x0 c:/winavr-20100110/bin/../lib/gcc/avr/4.3.3/avr5\libgcc.a(_sf_to_si.o)
 .bss           0x008001a6        0x0 c:/winavr-20100110/bin/../lib/gcc/avr/4.3.3/avr5\libgcc.a(_thenan_sf.o)
 .bss           0x008001a6        0x0 c:/winavr-20100110/bin/../lib/gcc/avr/4.3.3/avr5\libgcc.a(_usi_to_sf.o)
 .bss           0x008001a6        0x0 c:/winavr-20100110/bin/../lib/gcc/avr/4.3.3/avr5\libgcc.a(_prologue.o)
 .bss           0x008001a6        0x0 c:/winavr-20100110/bin/../lib/gcc/avr/4.3.3/avr5\libgcc.a(_epilogue.o)
 .bss           0x008001a6        0x0 c:/winavr-20100110/bin/../lib/gcc/avr/4.3.3/avr5\libgcc.a(_clzsi2.o)
 .bss           0x008001a6        0x0 c:/winavr-20100110/bin/../lib/gcc/avr/4.3.3/avr5\libgcc.a(_pack_sf.o)
 .bss           0x008001a6        0x0 c:/winavr-20100110/bin/../lib/gcc/avr/4.3.3/avr5\libgcc.a(_unpack_sf.o)
 .bss           0x008001a6        0x0 c:/winavr-20100110/bin/../lib/gcc/avr/4.3.3/avr5\libgcc.a(_fpcmp_parts_sf.o)
 .bss           0x008001a6        0x0 c:/winavr-20100110/bin/../lib/gcc/avr/4.3.3/avr5\libgcc.a(_clz.o)
 .bss           0x008001a6        0x0 c:/winavr-20100110/bin/../lib/gcc/avr/4.3.3/../../../../avr/lib/avr5\libc.a(atoi.o)
 .bss           0x008001a6        0x0 c:/winavr-20100110/bin/../lib/gcc/avr/4.3.3/../../../../avr/lib/avr5\libc.a(itoa.o)
 .bss           0x008001a6        0x0 c:/winavr-20100110/bin/../lib/gcc/avr/4.3.3/../../../../avr/lib/avr5\libc.a(mul10.o)
 .bss           0x008001a6        0x0 c:/winavr-20100110/bin/../lib/gcc/avr/4.3.3/../../../../avr/lib/avr5\libc.a(strrev.o)
 *(.bss*)
 .bss.TIMER0_u32OverFlowNo
                0x008001a6        0x4 ./NewNewMc.2/MCAL/TIMER0/TIMER0_prg.o
 .bss.TIMER0_u8TCCR0Value
                0x008001aa        0x1 ./NewNewMc.2/MCAL/TIMER0/TIMER0_prg.o
 .bss.TIMER0_u8TCNT0Preload
                0x008001ab        0x1 ./NewNewMc.2/MCAL/TIMER0/TIMER0_prg.o
 .bss.Local_u32Counter.1267
                0x008001ac        0x4 ./NewNewMc.2/MCAL/TIMER0/TIMER0_prg.o
 .bss.TIMER0_OverFlowCallBackPointer
                0x008001b0        0x2 ./NewNewMc.2/MCAL/TIMER0/TIMER0_prg.o
 .bss.flag      0x008001b2        0x1 ./NewNewMc.1/MCAL/TIMER1/TIMER1_prog.o
 .bss.temp1     0x008001b3        0x2 ./NewNewMc.1/MCAL/TIMER1/TIMER1_prog.o
 .bss.temp2     0x008001b5        0x2 ./NewNewMc.1/MCAL/TIMER1/TIMER1_prog.o
 .bss.temp3     0x008001b7        0x2 ./NewNewMc.1/MCAL/TIMER1/TIMER1_prog.o
 .bss.x         0x008001b9        0x1 ./NewNewMc.1/MCAL/TIMER1/TIMER1_prog.o
 .bss.y         0x008001ba        0x1 ./NewNewMc.1/MCAL/TIMER1/TIMER1_prog.o
 .bss.OverflowNumber
                0x008001bb        0x4 ./NewNewMc.1/MCAL/TIMER0/TIMER0_prog.o
 .bss.Preload   0x008001bf        0x1 ./NewNewMc.1/MCAL/TIMER0/TIMER0_prog.o
 .bss.OVCallBackptr
                0x008001c0        0x2 ./NewNewMc.1/MCAL/TIMER0/TIMER0_prog.o
 .bss.CTCCallBackptr
                0x008001c2        0x2 ./NewNewMc.1/MCAL/TIMER0/TIMER0_prog.o
 .bss.pulse     0x008001c4        0x2 ./NewNewMc.1/HAL/Ultrasonic/Ultrasonic_prog.o
 .bss.i         0x008001c6        0x1 ./NewNewMc.1/HAL/Ultrasonic/Ultrasonic_prog.o
 *(COMMON)
                0x008001c7                PROVIDE (__bss_end, .)
                0x0000721c                __data_load_start = LOADADDR (.data)
                0x00007362                __data_load_end = (__data_load_start + SIZEOF (.data))

.noinit         0x008001c7        0x0
                0x008001c7                PROVIDE (__noinit_start, .)
 *(.noinit*)
                0x008001c7                PROVIDE (__noinit_end, .)
                0x008001c7                _end = .
                0x008001c7                PROVIDE (__heap_start, .)

.eeprom         0x00810000        0x0
 *(.eeprom*)
                0x00810000                __eeprom_end = .

.fuse
 *(.fuse)
 *(.lfuse)
 *(.hfuse)
 *(.efuse)

.lock
 *(.lock*)

.signature
 *(.signature*)

.stab           0x00000000     0x8694
 *(.stab)
 .stab          0x00000000      0x36c ./NewNewMc.2/SERV_UART/SERV_UART.o
 .stab          0x0000036c      0x324 ./NewNewMc.2/MCAL/UART/UART.o
                                0x330 (size before relaxing)
 .stab          0x00000690      0x534 ./NewNewMc.2/MCAL/TIMER0/TIMER0_prg.o
                                0x540 (size before relaxing)
 .stab          0x00000bc4      0x42c ./NewNewMc.2/MCAL/SPI/SPI.o
                                0x438 (size before relaxing)
 .stab          0x00000ff0      0x330 ./NewNewMc.2/MCAL/External_interrupt/ex_int.o
                                0x33c (size before relaxing)
 .stab          0x00001320      0x528 ./NewNewMc.2/MCAL/DIO/DIO.o
                                0x534 (size before relaxing)
 .stab          0x00001848      0x3a8 ./NewNewMc.2/HAL/LED/LED_prog.o
                                0x3b4 (size before relaxing)
 .stab          0x00001bf0     0x1500 ./NewNewMc.2/HAL/LCD/LCD.o
                               0x150c (size before relaxing)
 .stab          0x000030f0      0x3e4 ./NewNewMc.2/HAL/KEYPAD/keypad.o
                                0x57c (size before relaxing)
 .stab          0x000034d4      0x60c ./NewNewMc.2/APP/main2.o
                                0x7b0 (size before relaxing)
 .stab          0x00003ae0      0x360 ./NewNewMc.1/SERV_UART/SERV_UART.o
                                0x36c (size before relaxing)
 .stab          0x00003e40      0x324 ./NewNewMc.1/MCAL/UART/UART.o
                                0x330 (size before relaxing)
 .stab          0x00004164      0x510 ./NewNewMc.1/MCAL/TIMER1/TIMER1_prog.o
                                0x51c (size before relaxing)
 .stab          0x00004674      0x8d0 ./NewNewMc.1/MCAL/TIMER0/TIMER0_prog.o
                                0xa5c (size before relaxing)
 .stab          0x00004f44      0x414 ./NewNewMc.1/MCAL/SPI/SPI.o
                                0x420 (size before relaxing)
 .stab          0x00005358      0x330 ./NewNewMc.1/MCAL/External_interrupt/ex_int.o
                                0x33c (size before relaxing)
 .stab          0x00005688      0x528 ./NewNewMc.1/MCAL/DIO/DIO.o
                                0x534 (size before relaxing)
 .stab          0x00005bb0      0x324 ./NewNewMc.1/MCAL/ADC/ADC.o
                                0x330 (size before relaxing)
 .stab          0x00005ed4      0x258 ./NewNewMc.1/HAL/sensors/sensors.o
                                0x264 (size before relaxing)
 .stab          0x0000612c      0x5d0 ./NewNewMc.1/HAL/Ultrasonic/Ultrasonic_prog.o
                                0x798 (size before relaxing)
 .stab          0x000066fc      0x3b4 ./NewNewMc.1/HAL/MOTOR/DC.o
                                0x3c0 (size before relaxing)
 .stab          0x00006ab0     0x132c ./NewNewMc.1/HAL/LCD/LCD.o
                               0x1524 (size before relaxing)
 .stab          0x00007ddc      0x3e4 ./NewNewMc.1/HAL/KEYPAD/keypad.o
                                0x57c (size before relaxing)
 .stab          0x000081c0      0x4d4 ./NewNewMc.1/APP/main1.o
                                0x6cc (size before relaxing)

.stabstr        0x00000000     0x403b
 *(.stabstr)
 .stabstr       0x00000000     0x403b ./NewNewMc.2/SERV_UART/SERV_UART.o

.stab.excl
 *(.stab.excl)

.stab.exclstr
 *(.stab.exclstr)

.stab.index
 *(.stab.index)

.stab.indexstr
 *(.stab.indexstr)

.comment
 *(.comment)

.debug
 *(.debug)

.line
 *(.line)

.debug_srcinfo
 *(.debug_srcinfo)

.debug_sfnames
 *(.debug_sfnames)

.debug_aranges  0x00000000      0x1a0
 *(.debug_aranges)
 .debug_aranges
                0x00000000       0x20 c:/winavr-20100110/bin/../lib/gcc/avr/4.3.3/avr5\libgcc.a(_fixunssfsi.o)
 .debug_aranges
                0x00000020       0x20 c:/winavr-20100110/bin/../lib/gcc/avr/4.3.3/avr5\libgcc.a(_addsub_sf.o)
 .debug_aranges
                0x00000040       0x20 c:/winavr-20100110/bin/../lib/gcc/avr/4.3.3/avr5\libgcc.a(_mul_sf.o)
 .debug_aranges
                0x00000060       0x20 c:/winavr-20100110/bin/../lib/gcc/avr/4.3.3/avr5\libgcc.a(_div_sf.o)
 .debug_aranges
                0x00000080       0x20 c:/winavr-20100110/bin/../lib/gcc/avr/4.3.3/avr5\libgcc.a(_gt_sf.o)
 .debug_aranges
                0x000000a0       0x20 c:/winavr-20100110/bin/../lib/gcc/avr/4.3.3/avr5\libgcc.a(_ge_sf.o)
 .debug_aranges
                0x000000c0       0x20 c:/winavr-20100110/bin/../lib/gcc/avr/4.3.3/avr5\libgcc.a(_lt_sf.o)
 .debug_aranges
                0x000000e0       0x20 c:/winavr-20100110/bin/../lib/gcc/avr/4.3.3/avr5\libgcc.a(_sf_to_si.o)
 .debug_aranges
                0x00000100       0x20 c:/winavr-20100110/bin/../lib/gcc/avr/4.3.3/avr5\libgcc.a(_usi_to_sf.o)
 .debug_aranges
                0x00000120       0x20 c:/winavr-20100110/bin/../lib/gcc/avr/4.3.3/avr5\libgcc.a(_clzsi2.o)
 .debug_aranges
                0x00000140       0x20 c:/winavr-20100110/bin/../lib/gcc/avr/4.3.3/avr5\libgcc.a(_pack_sf.o)
 .debug_aranges
                0x00000160       0x20 c:/winavr-20100110/bin/../lib/gcc/avr/4.3.3/avr5\libgcc.a(_unpack_sf.o)
 .debug_aranges
                0x00000180       0x20 c:/winavr-20100110/bin/../lib/gcc/avr/4.3.3/avr5\libgcc.a(_fpcmp_parts_sf.o)

.debug_pubnames
                0x00000000      0x1f2
 *(.debug_pubnames)
 .debug_pubnames
                0x00000000       0x23 c:/winavr-20100110/bin/../lib/gcc/avr/4.3.3/avr5\libgcc.a(_fixunssfsi.o)
 .debug_pubnames
                0x00000023       0x2c c:/winavr-20100110/bin/../lib/gcc/avr/4.3.3/avr5\libgcc.a(_addsub_sf.o)
 .debug_pubnames
                0x0000004f       0x1f c:/winavr-20100110/bin/../lib/gcc/avr/4.3.3/avr5\libgcc.a(_mul_sf.o)
 .debug_pubnames
                0x0000006e       0x1f c:/winavr-20100110/bin/../lib/gcc/avr/4.3.3/avr5\libgcc.a(_div_sf.o)
 .debug_pubnames
                0x0000008d       0x1e c:/winavr-20100110/bin/../lib/gcc/avr/4.3.3/avr5\libgcc.a(_gt_sf.o)
 .debug_pubnames
                0x000000ab       0x1e c:/winavr-20100110/bin/../lib/gcc/avr/4.3.3/avr5\libgcc.a(_ge_sf.o)
 .debug_pubnames
                0x000000c9       0x1e c:/winavr-20100110/bin/../lib/gcc/avr/4.3.3/avr5\libgcc.a(_lt_sf.o)
 .debug_pubnames
                0x000000e7       0x20 c:/winavr-20100110/bin/../lib/gcc/avr/4.3.3/avr5\libgcc.a(_sf_to_si.o)
 .debug_pubnames
                0x00000107       0x22 c:/winavr-20100110/bin/../lib/gcc/avr/4.3.3/avr5\libgcc.a(_thenan_sf.o)
 .debug_pubnames
                0x00000129       0x24 c:/winavr-20100110/bin/../lib/gcc/avr/4.3.3/avr5\libgcc.a(_usi_to_sf.o)
 .debug_pubnames
                0x0000014d       0x1f c:/winavr-20100110/bin/../lib/gcc/avr/4.3.3/avr5\libgcc.a(_clzsi2.o)
 .debug_pubnames
                0x0000016c       0x1f c:/winavr-20100110/bin/../lib/gcc/avr/4.3.3/avr5\libgcc.a(_pack_sf.o)
 .debug_pubnames
                0x0000018b       0x21 c:/winavr-20100110/bin/../lib/gcc/avr/4.3.3/avr5\libgcc.a(_unpack_sf.o)
 .debug_pubnames
                0x000001ac       0x26 c:/winavr-20100110/bin/../lib/gcc/avr/4.3.3/avr5\libgcc.a(_fpcmp_parts_sf.o)
 .debug_pubnames
                0x000001d2       0x20 c:/winavr-20100110/bin/../lib/gcc/avr/4.3.3/avr5\libgcc.a(_clz.o)

.debug_info     0x00000000     0x240b
 *(.debug_info)
 .debug_info    0x00000000       0xb1 c:/winavr-20100110/bin/../lib/gcc/avr/4.3.3/avr5\libgcc.a(_fixunssfsi.o)
 .debug_info    0x000000b1      0x47a c:/winavr-20100110/bin/../lib/gcc/avr/4.3.3/avr5\libgcc.a(_addsub_sf.o)
 .debug_info    0x0000052b      0x485 c:/winavr-20100110/bin/../lib/gcc/avr/4.3.3/avr5\libgcc.a(_mul_sf.o)
 .debug_info    0x000009b0      0x3fc c:/winavr-20100110/bin/../lib/gcc/avr/4.3.3/avr5\libgcc.a(_div_sf.o)
 .debug_info    0x00000dac      0x27f c:/winavr-20100110/bin/../lib/gcc/avr/4.3.3/avr5\libgcc.a(_gt_sf.o)
 .debug_info    0x0000102b      0x27f c:/winavr-20100110/bin/../lib/gcc/avr/4.3.3/avr5\libgcc.a(_ge_sf.o)
 .debug_info    0x000012aa      0x27f c:/winavr-20100110/bin/../lib/gcc/avr/4.3.3/avr5\libgcc.a(_lt_sf.o)
 .debug_info    0x00001529      0x2b0 c:/winavr-20100110/bin/../lib/gcc/avr/4.3.3/avr5\libgcc.a(_sf_to_si.o)
 .debug_info    0x000017d9      0x12c c:/winavr-20100110/bin/../lib/gcc/avr/4.3.3/avr5\libgcc.a(_thenan_sf.o)
 .debug_info    0x00001905      0x206 c:/winavr-20100110/bin/../lib/gcc/avr/4.3.3/avr5\libgcc.a(_usi_to_sf.o)
 .debug_info    0x00001b0b      0x117 c:/winavr-20100110/bin/../lib/gcc/avr/4.3.3/avr5\libgcc.a(_clzsi2.o)
 .debug_info    0x00001c22      0x2df c:/winavr-20100110/bin/../lib/gcc/avr/4.3.3/avr5\libgcc.a(_pack_sf.o)
 .debug_info    0x00001f01      0x251 c:/winavr-20100110/bin/../lib/gcc/avr/4.3.3/avr5\libgcc.a(_unpack_sf.o)
 .debug_info    0x00002152      0x210 c:/winavr-20100110/bin/../lib/gcc/avr/4.3.3/avr5\libgcc.a(_fpcmp_parts_sf.o)
 .debug_info    0x00002362       0xa9 c:/winavr-20100110/bin/../lib/gcc/avr/4.3.3/avr5\libgcc.a(_clz.o)
 *(.gnu.linkonce.wi.*)

.debug_abbrev   0x00000000     0x1386
 *(.debug_abbrev)
 .debug_abbrev  0x00000000       0x5d c:/winavr-20100110/bin/../lib/gcc/avr/4.3.3/avr5\libgcc.a(_fixunssfsi.o)
 .debug_abbrev  0x0000005d      0x1ea c:/winavr-20100110/bin/../lib/gcc/avr/4.3.3/avr5\libgcc.a(_addsub_sf.o)
 .debug_abbrev  0x00000247      0x21b c:/winavr-20100110/bin/../lib/gcc/avr/4.3.3/avr5\libgcc.a(_mul_sf.o)
 .debug_abbrev  0x00000462      0x216 c:/winavr-20100110/bin/../lib/gcc/avr/4.3.3/avr5\libgcc.a(_div_sf.o)
 .debug_abbrev  0x00000678      0x15a c:/winavr-20100110/bin/../lib/gcc/avr/4.3.3/avr5\libgcc.a(_gt_sf.o)
 .debug_abbrev  0x000007d2      0x15a c:/winavr-20100110/bin/../lib/gcc/avr/4.3.3/avr5\libgcc.a(_ge_sf.o)
 .debug_abbrev  0x0000092c      0x15a c:/winavr-20100110/bin/../lib/gcc/avr/4.3.3/avr5\libgcc.a(_lt_sf.o)
 .debug_abbrev  0x00000a86      0x17f c:/winavr-20100110/bin/../lib/gcc/avr/4.3.3/avr5\libgcc.a(_sf_to_si.o)
 .debug_abbrev  0x00000c05       0xad c:/winavr-20100110/bin/../lib/gcc/avr/4.3.3/avr5\libgcc.a(_thenan_sf.o)
 .debug_abbrev  0x00000cb2      0x157 c:/winavr-20100110/bin/../lib/gcc/avr/4.3.3/avr5\libgcc.a(_usi_to_sf.o)
 .debug_abbrev  0x00000e09       0xc4 c:/winavr-20100110/bin/../lib/gcc/avr/4.3.3/avr5\libgcc.a(_clzsi2.o)
 .debug_abbrev  0x00000ecd      0x1c0 c:/winavr-20100110/bin/../lib/gcc/avr/4.3.3/avr5\libgcc.a(_pack_sf.o)
 .debug_abbrev  0x0000108d      0x154 c:/winavr-20100110/bin/../lib/gcc/avr/4.3.3/avr5\libgcc.a(_unpack_sf.o)
 .debug_abbrev  0x000011e1      0x13b c:/winavr-20100110/bin/../lib/gcc/avr/4.3.3/avr5\libgcc.a(_fpcmp_parts_sf.o)
 .debug_abbrev  0x0000131c       0x6a c:/winavr-20100110/bin/../lib/gcc/avr/4.3.3/avr5\libgcc.a(_clz.o)

.debug_line     0x00000000     0x11d6
 *(.debug_line)
 .debug_line    0x00000000       0xa7 c:/winavr-20100110/bin/../lib/gcc/avr/4.3.3/avr5\libgcc.a(_fixunssfsi.o)
 .debug_line    0x000000a7      0x2af c:/winavr-20100110/bin/../lib/gcc/avr/4.3.3/avr5\libgcc.a(_addsub_sf.o)
 .debug_line    0x00000356      0x239 c:/winavr-20100110/bin/../lib/gcc/avr/4.3.3/avr5\libgcc.a(_mul_sf.o)
 .debug_line    0x0000058f      0x1d5 c:/winavr-20100110/bin/../lib/gcc/avr/4.3.3/avr5\libgcc.a(_div_sf.o)
 .debug_line    0x00000764       0xd3 c:/winavr-20100110/bin/../lib/gcc/avr/4.3.3/avr5\libgcc.a(_gt_sf.o)
 .debug_line    0x00000837       0xd3 c:/winavr-20100110/bin/../lib/gcc/avr/4.3.3/avr5\libgcc.a(_ge_sf.o)
 .debug_line    0x0000090a       0xd3 c:/winavr-20100110/bin/../lib/gcc/avr/4.3.3/avr5\libgcc.a(_lt_sf.o)
 .debug_line    0x000009dd      0x109 c:/winavr-20100110/bin/../lib/gcc/avr/4.3.3/avr5\libgcc.a(_sf_to_si.o)
 .debug_line    0x00000ae6       0x90 c:/winavr-20100110/bin/../lib/gcc/avr/4.3.3/avr5\libgcc.a(_thenan_sf.o)
 .debug_line    0x00000b76      0x133 c:/winavr-20100110/bin/../lib/gcc/avr/4.3.3/avr5\libgcc.a(_usi_to_sf.o)
 .debug_line    0x00000ca9       0xa5 c:/winavr-20100110/bin/../lib/gcc/avr/4.3.3/avr5\libgcc.a(_clzsi2.o)
 .debug_line    0x00000d4e      0x18a c:/winavr-20100110/bin/../lib/gcc/avr/4.3.3/avr5\libgcc.a(_pack_sf.o)
 .debug_line    0x00000ed8      0x14b c:/winavr-20100110/bin/../lib/gcc/avr/4.3.3/avr5\libgcc.a(_unpack_sf.o)
 .debug_line    0x00001023      0x137 c:/winavr-20100110/bin/../lib/gcc/avr/4.3.3/avr5\libgcc.a(_fpcmp_parts_sf.o)
 .debug_line    0x0000115a       0x7c c:/winavr-20100110/bin/../lib/gcc/avr/4.3.3/avr5\libgcc.a(_clz.o)

.debug_frame    0x00000000      0x1c0
 *(.debug_frame)
 .debug_frame   0x00000000       0x20 c:/winavr-20100110/bin/../lib/gcc/avr/4.3.3/avr5\libgcc.a(_fixunssfsi.o)
 .debug_frame   0x00000020       0x40 c:/winavr-20100110/bin/../lib/gcc/avr/4.3.3/avr5\libgcc.a(_addsub_sf.o)
 .debug_frame   0x00000060       0x20 c:/winavr-20100110/bin/../lib/gcc/avr/4.3.3/avr5\libgcc.a(_mul_sf.o)
 .debug_frame   0x00000080       0x20 c:/winavr-20100110/bin/../lib/gcc/avr/4.3.3/avr5\libgcc.a(_div_sf.o)
 .debug_frame   0x000000a0       0x20 c:/winavr-20100110/bin/../lib/gcc/avr/4.3.3/avr5\libgcc.a(_gt_sf.o)
 .debug_frame   0x000000c0       0x20 c:/winavr-20100110/bin/../lib/gcc/avr/4.3.3/avr5\libgcc.a(_ge_sf.o)
 .debug_frame   0x000000e0       0x20 c:/winavr-20100110/bin/../lib/gcc/avr/4.3.3/avr5\libgcc.a(_lt_sf.o)
 .debug_frame   0x00000100       0x20 c:/winavr-20100110/bin/../lib/gcc/avr/4.3.3/avr5\libgcc.a(_sf_to_si.o)
 .debug_frame   0x00000120       0x20 c:/winavr-20100110/bin/../lib/gcc/avr/4.3.3/avr5\libgcc.a(_usi_to_sf.o)
 .debug_frame   0x00000140       0x20 c:/winavr-20100110/bin/../lib/gcc/avr/4.3.3/avr5\libgcc.a(_clzsi2.o)
 .debug_frame   0x00000160       0x20 c:/winavr-20100110/bin/../lib/gcc/avr/4.3.3/avr5\libgcc.a(_pack_sf.o)
 .debug_frame   0x00000180       0x20 c:/winavr-20100110/bin/../lib/gcc/avr/4.3.3/avr5\libgcc.a(_unpack_sf.o)
 .debug_frame   0x000001a0       0x20 c:/winavr-20100110/bin/../lib/gcc/avr/4.3.3/avr5\libgcc.a(_fpcmp_parts_sf.o)

.debug_str      0x00000000      0x2f6
 *(.debug_str)
 .debug_str     0x00000000       0xbf c:/winavr-20100110/bin/../lib/gcc/avr/4.3.3/avr5\libgcc.a(_fixunssfsi.o)
                                 0xfe (size before relaxing)
 .debug_str     0x000000bf      0x14d c:/winavr-20100110/bin/../lib/gcc/avr/4.3.3/avr5\libgcc.a(_addsub_sf.o)
                                0x206 (size before relaxing)
 .debug_str     0x0000020c       0x27 c:/winavr-20100110/bin/../lib/gcc/avr/4.3.3/avr5\libgcc.a(_mul_sf.o)
                                0x1bf (size before relaxing)
 .debug_str     0x00000233       0x35 c:/winavr-20100110/bin/../lib/gcc/avr/4.3.3/avr5\libgcc.a(_div_sf.o)
                                0x1c8 (size before relaxing)
 .debug_str     0x00000268        0x8 c:/winavr-20100110/bin/../lib/gcc/avr/4.3.3/avr5\libgcc.a(_gt_sf.o)
                                0x195 (size before relaxing)
 .debug_str     0x00000270        0x8 c:/winavr-20100110/bin/../lib/gcc/avr/4.3.3/avr5\libgcc.a(_ge_sf.o)
                                0x195 (size before relaxing)
 .debug_str     0x00000278        0x8 c:/winavr-20100110/bin/../lib/gcc/avr/4.3.3/avr5\libgcc.a(_lt_sf.o)
                                0x195 (size before relaxing)
 .debug_str     0x00000280        0xa c:/winavr-20100110/bin/../lib/gcc/avr/4.3.3/avr5\libgcc.a(_sf_to_si.o)
                                0x19e (size before relaxing)
 .debug_str     0x00000000      0x103 c:/winavr-20100110/bin/../lib/gcc/avr/4.3.3/avr5\libgcc.a(_thenan_sf.o)
 .debug_str     0x0000028a       0x21 c:/winavr-20100110/bin/../lib/gcc/avr/4.3.3/avr5\libgcc.a(_usi_to_sf.o)
                                0x177 (size before relaxing)
 .debug_str     0x000002ab       0x20 c:/winavr-20100110/bin/../lib/gcc/avr/4.3.3/avr5\libgcc.a(_clzsi2.o)
                                0x111 (size before relaxing)
 .debug_str     0x000002cb       0x10 c:/winavr-20100110/bin/../lib/gcc/avr/4.3.3/avr5\libgcc.a(_pack_sf.o)
                                0x19d (size before relaxing)
 .debug_str     0x000002db        0xb c:/winavr-20100110/bin/../lib/gcc/avr/4.3.3/avr5\libgcc.a(_unpack_sf.o)
                                0x17f (size before relaxing)
 .debug_str     0x000002e6       0x10 c:/winavr-20100110/bin/../lib/gcc/avr/4.3.3/avr5\libgcc.a(_fpcmp_parts_sf.o)
                                0x163 (size before relaxing)
 .debug_str     0x00000000       0xf4 c:/winavr-20100110/bin/../lib/gcc/avr/4.3.3/avr5\libgcc.a(_clz.o)

.debug_loc      0x00000000      0x96e
 *(.debug_loc)
 .debug_loc     0x00000000       0x34 c:/winavr-20100110/bin/../lib/gcc/avr/4.3.3/avr5\libgcc.a(_fixunssfsi.o)
 .debug_loc     0x00000034      0x32a c:/winavr-20100110/bin/../lib/gcc/avr/4.3.3/avr5\libgcc.a(_addsub_sf.o)
 .debug_loc     0x0000035e      0x104 c:/winavr-20100110/bin/../lib/gcc/avr/4.3.3/avr5\libgcc.a(_mul_sf.o)
 .debug_loc     0x00000462       0xc0 c:/winavr-20100110/bin/../lib/gcc/avr/4.3.3/avr5\libgcc.a(_div_sf.o)
 .debug_loc     0x00000522       0x3c c:/winavr-20100110/bin/../lib/gcc/avr/4.3.3/avr5\libgcc.a(_gt_sf.o)
 .debug_loc     0x0000055e       0x3c c:/winavr-20100110/bin/../lib/gcc/avr/4.3.3/avr5\libgcc.a(_ge_sf.o)
 .debug_loc     0x0000059a       0x3c c:/winavr-20100110/bin/../lib/gcc/avr/4.3.3/avr5\libgcc.a(_lt_sf.o)
 .debug_loc     0x000005d6       0x7e c:/winavr-20100110/bin/../lib/gcc/avr/4.3.3/avr5\libgcc.a(_sf_to_si.o)
 .debug_loc     0x00000654       0x4c c:/winavr-20100110/bin/../lib/gcc/avr/4.3.3/avr5\libgcc.a(_usi_to_sf.o)
 .debug_loc     0x000006a0       0x94 c:/winavr-20100110/bin/../lib/gcc/avr/4.3.3/avr5\libgcc.a(_clzsi2.o)
 .debug_loc     0x00000734      0x13e c:/winavr-20100110/bin/../lib/gcc/avr/4.3.3/avr5\libgcc.a(_pack_sf.o)
 .debug_loc     0x00000872       0xac c:/winavr-20100110/bin/../lib/gcc/avr/4.3.3/avr5\libgcc.a(_unpack_sf.o)
 .debug_loc     0x0000091e       0x50 c:/winavr-20100110/bin/../lib/gcc/avr/4.3.3/avr5\libgcc.a(_fpcmp_parts_sf.o)

.debug_macinfo
 *(.debug_macinfo)
OUTPUT(Final_Project_A.elf elf32-avr)
LOAD linker stubs

.debug_ranges   0x00000000       0x50
 .debug_ranges  0x00000000       0x50 c:/winavr-20100110/bin/../lib/gcc/avr/4.3.3/avr5\libgcc.a(_mul_sf.o)
